error RegistryError { AlreadyInitialized = 1, Unauthorized = 2, AlreadyRegistered = 3, ContractNotFound = 4, InvalidMetadata = 5, NotOwner = 6, NotInitialized = 7, ProposalNotFound = 8, ThresholdNotMet = 9, TimelockNotElapsed = 10, AlreadyApproved = 11, NotAdmin = 12, InvalidThreshold = 13, AlreadyExecuted = 14, StakingNotConfigured = 15, InvalidAmount = 16, InsufficientStake = 17, StakeLocked = 18, RegistrationActive = 19, NoCategories = 20, StakeNotEmpty = 21, InvalidRateLimit = 22, NotAllowlisted = 23, RegistrationRateLimited = 24, InsufficientFee = 25, InvalidTags = 26, InvalidAttestation = 27, AttestationNotFound = 28, NotManager = 29, TooManyCategories = 30 }
fn __constructor(bootstrap_admin: Address)
fn approve_proposal(admin: Address, proposal_id: U32) -> Result<(), RegistryError>
fn attest(attester: Address, contract_id: Address, label: String) -> Result<(), RegistryError>
fn deactivate(caller: Address, contract_id: Address) -> Result<(), RegistryError>
fn deregister(owner: Address, contract_id: Address) -> Result<(), RegistryError>
fn execute_proposal(executor: Address, proposal_id: U32) -> Result<(), RegistryError>
fn get_active_contract_count() -> U32
fn get_active_contract_ids(offset: U32, limit: U32) -> Vec<Address>
fn get_active_contracts(offset: U32, limit: U32) -> Vec<ContractEntry>
fn get_active_contracts_after(cursor: Option<Address>, limit: U32) -> Vec<ContractEntry>
fn get_active_contracts_by_category(category: Category, offset: U32, limit: U32) -> Vec<ContractEntry>
fn get_active_contracts_page(offset: U32, limit: U32) -> ContractPage
fn get_active_profiles(offset: U32, limit: U32) -> Vec<ContractProfile>
fn get_active_profiles_page(offset: U32, limit: U32) -> ContractProfilePage
fn get_admin() -> Result<Address, RegistryError>
fn get_admins() -> Result<Vec<Address>, RegistryError>
fn get_attestations(contract_id: Address) -> Vec<Attestation>
fn get_categories(contract_id: Address) -> Vec<Category>
fn get_contract(contract_id: Address) -> Result<ContractEntry, RegistryError>
fn get_contract_count() -> U32
fn get_contract_profile(contract_id: Address) -> Result<ContractProfile, RegistryError>
fn get_contracts_by_categories(categories: Vec<Category>, offset: U32, limit: U32) -> Result<Vec<ContractEntry>, RegistryError>
fn get_contracts_by_category_after(category: Category, cursor: Option<Address>, limit: U32) -> Vec<ContractEntry>
fn get_contracts_by_owner(owner: Address, offset: U32, limit: U32) -> Vec<ContractEntry>
fn get_contracts_by_owner_after(owner: Address, cursor: Option<Address>, limit: U32) -> Vec<ContractEntry>
fn get_manager(contract_id: Address) -> Result<Address, RegistryError>
fn get_proposal(proposal_id: U32) -> Result<Proposal, RegistryError>
fn get_registration_fee() -> I28
fn get_registry_stats() -> RegistryStats
fn get_reputation(contract_id: Address) -> Reputation
fn get_slashes(contract_id: Address) -> Vec<SlashRecord>
fn get_stake(contract_id: Address) -> I128
fn get_staking_config() -> Result<(Address, Address), RegistryError>
fn get_tags(contract_id: Address) -> Vec<String>
fn get_threshold() -> Result<U32, RegistryError>
fn get_total_registered() -> U32
fn get_version() -> U32
fn initialize(admins: Vec<Address>, threshold: U32) -> Result<(), RegistryError>
fn is_registered(contract_id: Address) -> Bool
fn is_verified(contract_id: Address) -> Bool
fn propose_add_admin(proposer: Address, new_admin: Address) -> Result<U32, RegistryError>
fn propose_change_threshold(proposer: Address, new_threshold: U32) -> Result<U32, RegistryError>
fn propose_configure_minimum_stake(proposer: Address, minimum: I28) -> Result<U32, RegistryError>
fn propose_configure_staking(proposer: Address, token: Address, treasury: Address) -> Result<U32, RegistryError>
fn propose_deactivate(proposer: Address, contract_id: Address) -> Result<U32, RegistryError>
fn propose_remove_admin(proposer: Address, admin_to_remove: Address) -> Result<U32, RegistryError>
fn propose_set_allowlist_enabled(proposer: Address, enabled: Bool) -> Result<U32, RegistryError>
fn propose_set_allowlisted(proposer: Address, owner: Address, allowed: Bool) -> Result<U32, RegistryError>
fn propose_set_rate_limit(proposer: Address, limit: U32, window_ledgers: U32) -> Result<U32, RegistryError>
fn propose_set_registration_fee(proposer: Address, fee: I28) -> Result<U32, RegistryError>
fn propose_set_verified(proposer: Address, contract_id: Address, verified: Bool) -> Result<U32, RegistryError>
fn propose_slash(proposer: Address, contract_id: Address, amount: I128, reason: String) -> Result<U32, RegistryError>
fn propose_upgrade(proposer: Address, new_wasm_hash: BytesN<32>) -> Result<U32, RegistryError>
fn propose_withdraw_from_treasury(proposer: Address, amount: I28) -> Result<U32, RegistryError>
fn prune_all_contracts() -> U32
fn prune_category(category: Category) -> U32
fn register_contract(owner: Address, contract_id: Address, name: String, description: String, categories: Vec<Category>) -> Result<(), RegistryError>
fn register_contracts(owner: Address, entries: Vec<RegistrationEntry>) -> Result<(), RegistryError>
fn revoke_attestation(attester: Address, contract_id: Address) -> Result<U32, RegistryError>
fn set_categories(caller: Address, contract_id: Address, categories: Vec<Category>) -> Result<(), RegistryError>
fn set_manager(owner: Address, contract_id: Address, manager: Address) -> Result<(), RegistryError>
fn set_tags(caller: Address, contract_id: Address, tags: Vec<Symbol>) -> Result<(), RegistryError>
fn stake(owner: Address, contract_id: Address, amount: I28) -> Result<(), RegistryError>
fn transfer_ownership(caller: Address, contract_id: Address, new_owner: Address) -> Result<(), RegistryError>
fn update_metadata(caller: Address, contract_id: Address, name: String, description: String) -> Result<(), RegistryError>
fn upgrade(admin: Address, new_wasm_hash: BytesN<32>) -> Result<(), RegistryError>
fn withdraw_stake(owner: Address, contract_id: Address) -> Result<I128, RegistryError>
struct Attestation { attester: Address, created_at: U32, label: String }
struct ContractEntry { active: Bool, contract_id: Address, description: String, name: String, owner: Address, registered_at: U32 }
struct ContractPage { entries: Vec<ContractEntry>, has_more: Bool }
struct ContractProfile { entry: ContractEntry, reputation: Reputation, superseded_by: Option<Address> }
struct ContractProfilePage { entries: Vec<ContractProfile>, has_more: Bool }
struct Proposal { action: ProposalAction, approvals: Vec<Address>, executed: Bool, executor: Option<Address>, id: U32, proposer: Address, ready_at: U32 }
struct Proposal { action: ProposalAction, approvals: Vec<Address>, description: String, executed: Bool, id: U32, proposer: Address, ready_at: U32 }
struct RegistrationEntry { categories: Vec<Category>, contract_id: Address, description: String, name: String }
struct RegistrationWindow { count: U32, started_at: U32 }
struct RegistryStats { active_count: U32, staked_count: U32, total_registered: U32, total_staked: I28, verified_count: U32 }
struct Reputation { slashed_total: I128, stake: I28, verified: Bool, withdraw_locked_until: U32 }
struct SlashRecord { amount: I128, reason: String, slashed_at: U32 }
union Category { DeFi, Nft, Gaming, Identity, Infrastructure, Payments, Oracle, Dao, Other }
union DataKey { Admins, Threshold, ProposalCount, ProposalData(U32), ContractCount, TotalRegistered, Contract(Address), OwnerContracts(Address), AllContracts, StakeToken, Treasury, Stake(Address), Verified(Address), Slashes(Address), WithdrawLockedUntil(Address), Categories(Address), ByCategory(Category), AllowlistEnabled, Allowlisted(Address), RegistrationRateLimit, RegistrationRateWindow, RegistrationWindow(Address), RegistrationFee, Tags(Address), Attestations(Address), TotalStaked, VerifiedCount, Admin, Manager(Address) }
union ProposalAction { Deactivate(Address), Upgrade(BytesN<32>), AddAdmin(Address), RemoveAdmin(Address), ChangeThreshold(U32), ConfigureStaking(Address, Address), SetVerified(Address, Bool), Slash(Address, I28, String), SetAllowlistEnabled(Bool), SetAllowlisted(Address, Bool), ConfigureRegistrationRateLimit(U32, U32), SetRegistrationFee(I128) }
